// Jest Snapshot v1, https://goo.gl/fbAQLP

exports[`(1) safeHtml - safe tags && attrs 1`] = `
"
        <h3>Foo bar baz</h3>
        <p>Lorem ipsum <a href=\\"https://weebecash.com\\" target=\\"_blank\\" rel=\\"noopener noreferrer\\">dolor</a> sit amet, <span class=\\"highlight\\">consectetur</span> adipiscing elit.</p>
        <p>Cras eu turpis et mi <strong>vestibulum</strong> viverra eget a orci.</p>
        <p><img src=\\"https://weebecash.com/logo.png\\" alt=\\"Logo\\" /></p>
        <br>
        <ul><li><b>interdum</b></li><li>augue</li><li>ornare</li><li>ante</li></ul>
    "
`;

exports[`(2) safeHtml - malicious tags && attrs 1`] = `
"
        <h3>Foo bar baz</h3>
        
        <img src=\\"https://\\" />
        <p>foo</p>
    "
`;
